node.exe : FAIL src/s
ervices/matchingAlgor
ithm.test.js
At line:1 char:1
+ & "C:\Program Files
\nodejs/node.exe" 
"C:\Program 
Files\nodejs/node_mo 
...
+ ~~~~~~~~~~~~~~~~~~~
~~~~~~~~~~~~~~~~~~~~~
~~~~~~~~~~~~~~~~~~~~~
~~~~~~~~
    + CategoryInfo   
           : NotSpe  
  cified: (FAIL sr   
 c/servic...gorit    
hm.test.js:Strin    
g) [], RemoteExc    
eption
    + FullyQualified 
   ErrorId : Native  
  CommandError
 
  Matching Algorithm
    ΓêÜ should match 
compatible users 
(Heterosexual) (1 ms)
    ΓêÜ should NOT 
match incompatible 
genders
    ├ù should 
respect dealbreakers 
(Smoking) (1 ms)
    ΓêÜ should 
prioritize higher 
score matches
    ΓêÜ should 
handle friends 
matching

  ΓùÅ Matching 
Algorithm ΓÇ║ should 
respect dealbreakers 
(Smoking)

    expect(received).
toBe(expected) // 
Object.is equality

    Expected: 0
    Received: 1

    [0m [90m 55 
|[39m
     [90m 56 |[39m 
        
[36mconst[39m 
matches [33m=[39m m
atchingAlgorithm[33m
.[39mgenerateMatches
([u1[33m,[39m 
u2])[33m;[39m
    [31m[1m>[22m[
39m[90m 57 |[39m   
      expect(matches
[33m.[39mlength)[33
m.[39mtoBe([35m0[3
9m)[33m;[39m
     [90m    |[39m 
                     
          
[31m[1m^[22m[39m
     [90m 58 |[39m 
    })[33m;[39m
     [90m 59 |[39m
     [90m 60 |[39m 
    
test([32m'should 
prioritize higher 
score matches'[39m[
33m,[39m () 
[33m=>[39m {[0m

      at Object.toBe 
(src/services/matchin
gAlgorithm.test.js:57
:32)

Test Suites: 1 
failed, 1 total
Tests:       1 
failed, 4 passed, 5 
total
Snapshots:   0 total
Time:        0.205 
s, estimated 1 s
Ran all test suites 
matching /src\\servic
es\\matchingAlgorithm
.test.js/i.
